test_integrated_review_saves_proposal_validation_roster_and_calendar (tests.test_agent_cycle.CycleTests.test_integrated_review_saves_proposal_validation_roster_and_calendar) ... ok
test_provider_failure_saves_blocked_result_and_no_authority (tests.test_agent_cycle.CycleTests.test_provider_failure_saves_blocked_result_and_no_authority) ... ok
test_unresolved_action_blocks_collection (tests.test_agent_cycle.CycleTests.test_unresolved_action_blocks_collection) ... ok
test_actual_child_process_crash_preserves_claim_for_restarted_dispatcher (tests.test_automation_dispatch.DispatchTests.test_actual_child_process_crash_preserves_claim_for_restarted_dispatcher) ... ok
test_changed_target_paused_and_duplicate_schedules_block (tests.test_automation_dispatch.DispatchTests.test_changed_target_paused_and_duplicate_schedules_block) ... ok
test_crash_after_claim_requires_recovery (tests.test_automation_dispatch.DispatchTests.test_crash_after_claim_requires_recovery) ... ok
test_creation_restart_binds_existing_and_never_offers_duplicate (tests.test_automation_dispatch.DispatchTests.test_creation_restart_binds_existing_and_never_offers_duplicate) ... ok
test_expired_contract_and_narrow_window_do_not_claim_coverage (tests.test_automation_dispatch.DispatchTests.test_expired_contract_and_narrow_window_do_not_claim_coverage) ... ok
test_expired_dispatcher_requires_verified_removal_before_new_contract (tests.test_automation_dispatch.DispatchTests.test_expired_dispatcher_requires_verified_removal_before_new_contract) ... ok
test_real_daily_planner_registers_deadlines_and_next_daily (tests.test_automation_dispatch.DispatchTests.test_real_daily_planner_registers_deadlines_and_next_daily) ... ok
test_superseded_prompt_and_changed_source_stop_before_work (tests.test_automation_dispatch.DispatchTests.test_superseded_prompt_and_changed_source_stop_before_work) ... ok
test_two_ticks_with_republished_future_coverage_and_no_replay (tests.test_automation_dispatch.DispatchTests.test_two_ticks_with_republished_future_coverage_and_no_replay) ... ok
test_collection_routes_shared_clients_and_keeps_attempt_evidence (tests.test_automation_plan.DeadlineTests.test_collection_routes_shared_clients_and_keeps_attempt_evidence) ... ok
test_confirmed_rules_preserve_dates_and_do_not_claim_complete_coverage (tests.test_automation_plan.DeadlineTests.test_confirmed_rules_preserve_dates_and_do_not_claim_complete_coverage) ... ok
test_failed_collection_saves_partial_evidence_without_error_body (tests.test_automation_plan.DeadlineTests.test_failed_collection_saves_partial_evidence_without_error_body) ... ok
test_missing_fixture_or_player_cannot_become_a_bye (tests.test_automation_plan.DeadlineTests.test_missing_fixture_or_player_cannot_become_a_bye) ... ok
test_offline_rule_incorporation_is_immutable_and_checks_source_hashes (tests.test_automation_plan.DeadlineTests.test_offline_rule_incorporation_is_immutable_and_checks_source_hashes) ... ok
test_scope_and_ownership_changes_block (tests.test_automation_plan.DeadlineTests.test_scope_and_ownership_changes_block) ... ok
test_unknown_kickoff_and_ambiguous_dst_remain_unknown (tests.test_automation_plan.DeadlineTests.test_unknown_kickoff_and_ambiguous_dst_remain_unknown) ... ok
test_wrong_week_stops_before_directory_and_schedule_reads (tests.test_automation_plan.DeadlineTests.test_wrong_week_stops_before_directory_and_schedule_reads) ... ok
test_byte_stability_and_m1_revision_agreement (tests.test_automation_plan.PlannerTests.test_byte_stability_and_m1_revision_agreement) ... ok
test_capacity_reserves_anchor_and_retry_then_earliest_deadlines (tests.test_automation_plan.PlannerTests.test_capacity_reserves_anchor_and_retry_then_earliest_deadlines) ... ok
test_daily_dst_gap_and_fold_and_recovery_overlap (tests.test_automation_plan.PlannerTests.test_daily_dst_gap_and_fold_and_recovery_overlap) ... ok
test_future_publication_and_invalid_source_records (tests.test_automation_plan.PlannerTests.test_future_publication_and_invalid_source_records) ... ok
test_hand_calculated_starter_and_earlier_backup_times (tests.test_automation_plan.PlannerTests.test_hand_calculated_starter_and_earlier_backup_times) ... ok
test_immutable_file_plan_repeats_and_detects_tampering (tests.test_automation_plan.PlannerTests.test_immutable_file_plan_repeats_and_detects_tampering) ... ok
test_input_text_never_becomes_a_command (tests.test_automation_plan.PlannerTests.test_input_text_never_becomes_a_command) ... ok
test_late_but_useful_and_expired_not_rescheduled (tests.test_automation_plan.PlannerTests.test_late_but_useful_and_expired_not_rescheduled) ... ok
test_midnight_and_next_week_are_not_filtered_by_current_week (tests.test_automation_plan.PlannerTests.test_midnight_and_next_week_are_not_filtered_by_current_week) ... ok
test_missing_data_preserves_obligations_and_bounded_retry (tests.test_automation_plan.PlannerTests.test_missing_data_preserves_obligations_and_bounded_retry) ... ok
test_missing_ownership_preserves_previous_scope_without_execution (tests.test_automation_plan.PlannerTests.test_missing_ownership_preserves_previous_scope_without_execution) ... ok
test_observed_score_lock_survives_missing_score_in_next_observation (tests.test_automation_plan.PlannerTests.test_observed_score_lock_survives_missing_score_in_next_observation) ... ok
test_passed_prior_kickoff_cannot_unlock_after_postponement (tests.test_automation_plan.PlannerTests.test_passed_prior_kickoff_cannot_unlock_after_postponement) ... ok
test_postponement_changes_revision_not_identity (tests.test_automation_plan.PlannerTests.test_postponement_changes_revision_not_identity) ... ok
test_stale_future_and_short_coverage_block (tests.test_automation_plan.PlannerTests.test_stale_future_and_short_coverage_block) ... ok
test_unknown_schema_duplicate_events_and_bad_policy (tests.test_automation_plan.PlannerTests.test_unknown_schema_duplicate_events_and_bad_policy) ... ok
test_waivers_require_matching_rules_and_explicit_times (tests.test_automation_plan.PlannerTests.test_waivers_require_matching_rules_and_explicit_times) ... ok
test_central_client_metadata_and_no_retries (tests.test_automation_probe.ProbeTests.test_central_client_metadata_and_no_retries) ... ok
test_invalid_schedule_metadata (tests.test_automation_probe.ProbeTests.test_invalid_schedule_metadata) ... ok
test_inventory_fails_closed_and_does_not_save_prompt_text (tests.test_automation_probe.ProbeTests.test_inventory_fails_closed_and_does_not_save_prompt_text) ... ok
test_observation_is_separate_and_mode_bound (tests.test_automation_probe.ProbeTests.test_observation_is_separate_and_mode_bound) ... ok
test_offline_does_not_request_and_preserves_record (tests.test_automation_probe.ProbeTests.test_offline_does_not_request_and_preserves_record) ... ok
test_safe_failure_diagnostics_preserve_attempt_evidence (tests.test_automation_probe.ProbeTests.test_safe_failure_diagnostics_preserve_attempt_evidence) ... ok
test_scheduled_flag_does_not_prove_scheduling (tests.test_automation_probe.ProbeTests.test_scheduled_flag_does_not_prove_scheduling) ... ok
test_wrong_league_and_error_do_not_pass_or_expose_text (tests.test_automation_probe.ProbeTests.test_wrong_league_and_error_do_not_pass_or_expose_text) ... ok
test_capacity_accounts_for_unrelated_and_reserves_two_slots (tests.test_automation_reconcile.ReconcileTests.test_capacity_accounts_for_unrelated_and_reserves_two_slots) ... ok
test_daily_anchor_never_updates_or_retires (tests.test_automation_reconcile.ReconcileTests.test_daily_anchor_never_updates_or_retires) ... ok
test_delete_verified_only_after_absence (tests.test_automation_reconcile.ReconcileTests.test_delete_verified_only_after_absence) ... ok
test_duplicates_pause_only_after_exact_keeper_exists (tests.test_automation_reconcile.ReconcileTests.test_duplicates_pause_only_after_exact_keeper_exists) ... ok
test_expired_desired_and_bad_timestamp_rejected (tests.test_automation_reconcile.ReconcileTests.test_expired_desired_and_bad_timestamp_rejected) ... ok
test_explicit_recovery_requires_unchanged_state_and_preserves_history (tests.test_automation_reconcile.ReconcileTests.test_explicit_recovery_requires_unchanged_state_and_preserves_history) ... ok
test_history_append_only_export_omits_token (tests.test_automation_reconcile.ReconcileTests.test_history_append_only_export_omits_token) ... ok
test_imported_claim_cannot_certify_coverage (tests.test_automation_reconcile.ReconcileTests.test_imported_claim_cannot_certify_coverage) ... ok
test_incomplete_malformed_and_stale_inventory_fail_closed (tests.test_automation_reconcile.ReconcileTests.test_incomplete_malformed_and_stale_inventory_fail_closed) ... ok
test_inventory_change_during_capture_detected (tests.test_automation_reconcile.ReconcileTests.test_inventory_change_during_capture_detected) ... ok
test_lost_create_response_recovers_by_exact_read_back (tests.test_automation_reconcile.ReconcileTests.test_lost_create_response_recovers_by_exact_read_back) ... ok
test_m2_plan_integration_keeps_manual_boundary_and_checks_sources (tests.test_automation_reconcile.ReconcileTests.test_m2_plan_integration_keeps_manual_boundary_and_checks_sources) ... ok
test_missing_matching_and_changed_are_idempotent (tests.test_automation_reconcile.ReconcileTests.test_missing_matching_and_changed_are_idempotent) ... ok
test_notification_preferences_survive_update (tests.test_automation_reconcile.ReconcileTests.test_notification_preferences_survive_update) ... ok
test_real_deadline_requires_manual_setup_under_m0_limits (tests.test_automation_reconcile.ReconcileTests.test_real_deadline_requires_manual_setup_under_m0_limits) ... ok
test_serialization_and_inventory_change_before_begin (tests.test_automation_reconcile.ReconcileTests.test_serialization_and_inventory_change_before_begin) ... ok
test_stale_preoperation_inventory_cannot_verify (tests.test_automation_reconcile.ReconcileTests.test_stale_preoperation_inventory_cannot_verify) ... ok
test_success_requires_returned_id_and_separate_read_back (tests.test_automation_reconcile.ReconcileTests.test_success_requires_returned_id_and_separate_read_back) ... ok
test_unknown_absence_never_authorizes_blind_retry (tests.test_automation_reconcile.ReconcileTests.test_unknown_absence_never_authorizes_blind_retry) ... ok
test_unrelated_tasks_and_wrong_target_are_preserved (tests.test_automation_reconcile.ReconcileTests.test_unrelated_tasks_and_wrong_target_are_preserved) ... ok
test_wrong_returned_id_and_duplicate_create_do_not_pass (tests.test_automation_reconcile.ReconcileTests.test_wrong_returned_id_and_duplicate_create_do_not_pass) ... ok
test_browser_failure_alert_is_independent_and_saved (tests.test_automation_run.WorkflowTests.test_browser_failure_alert_is_independent_and_saved) ... ok
test_changed_recipe_and_disabled_mode_stop_before_work_or_alert (tests.test_automation_run.WorkflowTests.test_changed_recipe_and_disabled_mode_stop_before_work_or_alert) ... /opt/homebrew/Cellar/python@3.13/3.13.6/Frameworks/Python.framework/Versions/3.13/lib/python3.13/unittest/mock.py:2247: ResourceWarning: unclosed database in <sqlite3.Connection object at 0x10a9027a0>
  def __init__(self, name, parent):
ResourceWarning: Enable tracemalloc to get the object allocation traceback
ok
test_daily_and_deadline_share_claim_scope_after_restart (tests.test_automation_run.WorkflowTests.test_daily_and_deadline_share_claim_scope_after_restart) ... ok
test_expired_worker_cannot_report_success (tests.test_automation_run.WorkflowTests.test_expired_worker_cannot_report_success) ... ok
test_failure_preserves_unknown_and_notification_failure (tests.test_automation_run.WorkflowTests.test_failure_preserves_unknown_and_notification_failure) ... ok
test_health_does_not_promote_completed_inspection_to_coverage (tests.test_automation_run.WorkflowTests.test_health_does_not_promote_completed_inspection_to_coverage) ... ok
test_integrated_review_uses_workflow_lease_and_proposal_mode (tests.test_automation_run.WorkflowTests.test_integrated_review_uses_workflow_lease_and_proposal_mode) ... ok
test_receipt_survives_restart_and_suppresses_duplicate (tests.test_automation_run.WorkflowTests.test_receipt_survives_restart_and_suppresses_duplicate) ... ok
test_superseded_revision_stops_before_collection (tests.test_automation_run.WorkflowTests.test_superseded_revision_stops_before_collection) ... ok
test_two_offline_planning_cycles_retain_missing_schedule_coverage (tests.test_automation_run.WorkflowTests.test_two_offline_planning_cycles_retain_missing_schedule_coverage) ... ok
test_validator_review_persists_observed_locks_without_lineup_write (tests.test_automation_run.WorkflowTests.test_validator_review_persists_observed_locks_without_lineup_write) ... ok
test_atomic_duplicate_claims_across_connections (tests.test_automation_store.StoreTests.test_atomic_duplicate_claims_across_connections) ... ok
test_bounded_context_preserves_file_identity_without_contents (tests.test_automation_store.StoreTests.test_bounded_context_preserves_file_identity_without_contents) ... ok
test_cli_init_status_and_typed_missing_state (tests.test_automation_store.StoreTests.test_cli_init_status_and_typed_missing_state) ... ok
test_completed_delivery_does_not_repeat (tests.test_automation_store.StoreTests.test_completed_delivery_does_not_repeat) ... ok
test_contract_validation_and_equivalent_time_revisions (tests.test_automation_store.StoreTests.test_contract_validation_and_equivalent_time_revisions) ... ok
test_crash_rollback_does_not_leave_half_claim (tests.test_automation_store.StoreTests.test_crash_rollback_does_not_leave_half_claim) ... ok
test_default_disabled_and_proposal_mode_gates (tests.test_automation_store.StoreTests.test_default_disabled_and_proposal_mode_gates) ... ok
test_disable_stops_renewal_but_allows_result_recording (tests.test_automation_store.StoreTests.test_disable_stops_renewal_but_allows_result_recording) ... ok
test_event_and_reference_history_is_append_only (tests.test_automation_store.StoreTests.test_event_and_reference_history_is_append_only) ... ok
test_expired_lease_requires_explicit_recovery_and_fences_old_worker (tests.test_automation_store.StoreTests.test_expired_lease_requires_explicit_recovery_and_fences_old_worker) ... ok
test_export_failure_preserves_last_complete_export_and_database (tests.test_automation_store.StoreTests.test_export_failure_preserves_last_complete_export_and_database) ... ok
test_invalid_json_contract_types_fail_with_typed_errors (tests.test_automation_store.StoreTests.test_invalid_json_contract_types_fail_with_typed_errors) ... ok
test_lease_cannot_extend_past_check_expiry (tests.test_automation_store.StoreTests.test_lease_cannot_extend_past_check_expiry) ... ok
test_missing_state_and_idempotent_init_preserve_records (tests.test_automation_store.StoreTests.test_missing_state_and_idempotent_init_preserve_records) ... ok
test_path_escape_and_hidden_files_rejected (tests.test_automation_store.StoreTests.test_path_escape_and_hidden_files_rejected) ... ok
test_policy_operation_allowlist_and_hidden_symlink_target (tests.test_automation_store.StoreTests.test_policy_operation_allowlist_and_hidden_symlink_target) ... ok
test_renewal_and_clock_boundaries (tests.test_automation_store.StoreTests.test_renewal_and_clock_boundaries) ... ok
test_stale_revision_changed_source_and_live_recovery (tests.test_automation_store.StoreTests.test_stale_revision_changed_source_and_live_recovery) ... ok
test_unknown_outcome_blocks_other_checks_in_scope (tests.test_automation_store.StoreTests.test_unknown_outcome_blocks_other_checks_in_scope) ... ok
test_unknown_versions_and_nonempty_unversioned_database_fail_closed (tests.test_automation_store.StoreTests.test_unknown_versions_and_nonempty_unversioned_database_fail_closed) ... ok
test_bad_refresh_preserves_last_good_state (tests.test_controller.ControllerTests.test_bad_refresh_preserves_last_good_state) ... ok
test_invalid_pick_sequences_rejected (tests.test_controller.ControllerTests.test_invalid_pick_sequences_rejected) ... ok
test_mock_autopick_ownership_and_snake (tests.test_controller.ControllerTests.test_mock_autopick_ownership_and_snake) ... ok
test_ready_and_pending_block (tests.test_controller.ControllerTests.test_ready_and_pending_block) ... ok
test_reviewed_specialist_preserves_legality_and_reason (tests.test_controller.ControllerTests.test_reviewed_specialist_preserves_legality_and_reason) ... ok
test_stale_candidates_rejected (tests.test_controller.ControllerTests.test_stale_candidates_rejected) ... ok
test_stale_wrong_room_and_board_race (tests.test_controller.ControllerTests.test_stale_wrong_room_and_board_race) ... ok
test_submission_reconciles_match_and_preserves_mismatch (tests.test_controller.ControllerTests.test_submission_reconciles_match_and_preserves_mismatch) ... ok
test_timeout_auto_pick_and_empty_queue_block (tests.test_controller.ControllerTests.test_timeout_auto_pick_and_empty_queue_block) ... ok
test_unavailable_removed_and_last_slot_reserved (tests.test_controller.ControllerTests.test_unavailable_removed_and_last_slot_reserved) ... ok
test_league_specific_scoring (tests.test_draft.DraftTests.test_league_specific_scoring) ... ok
test_nonfinite_rejected (tests.test_draft.DraftTests.test_nonfinite_rejected) ... ok
test_snake_turns (tests.test_draft.DraftTests.test_snake_turns) ... ok
test_unknown_stats_rejected (tests.test_draft.DraftTests.test_unknown_stats_rejected) ... ok
test_a_uses_terminal_proxy_and_b_solves_future_pair (tests.test_draft_ab.ABTests.test_a_uses_terminal_proxy_and_b_solves_future_pair) ... /opt/homebrew/Cellar/python@3.13/3.13.6/Frameworks/Python.framework/Versions/3.13/lib/python3.13/collections/__init__.py:599: ResourceWarning: unclosed database in <sqlite3.Connection object at 0x10a903790>
  def __init__(self, iterable=None, /, **kwds):
ResourceWarning: Enable tracemalloc to get the object allocation traceback
/opt/homebrew/Cellar/python@3.13/3.13.6/Frameworks/Python.framework/Versions/3.13/lib/python3.13/collections/__init__.py:599: ResourceWarning: unclosed database in <sqlite3.Connection object at 0x10a9022f0>
  def __init__(self, iterable=None, /, **kwds):
ResourceWarning: Enable tracemalloc to get the object allocation traceback
/opt/homebrew/Cellar/python@3.13/3.13.6/Frameworks/Python.framework/Versions/3.13/lib/python3.13/collections/__init__.py:599: ResourceWarning: unclosed database in <sqlite3.Connection object at 0x10a902110>
  def __init__(self, iterable=None, /, **kwds):
ResourceWarning: Enable tracemalloc to get the object allocation traceback
ok
test_actual_seat_phase_and_horizons (tests.test_draft_ab.ABTests.test_actual_seat_phase_and_horizons) ... ok
test_cached_greedy_reuses_exact_order_without_availability_leakage (tests.test_draft_ab.ABTests.test_cached_greedy_reuses_exact_order_without_availability_leakage) ... ok
test_greedy_keeps_nonmonotonic_flex_bench_case (tests.test_draft_ab.ABTests.test_greedy_keeps_nonmonotonic_flex_bench_case) ... ok
test_indexed_opponents_exactly_match_original_full_scan (tests.test_draft_ab.ABTests.test_indexed_opponents_exactly_match_original_full_scan) ... ok
test_offturn_prefix_choices_remain_available_in_observed_state (tests.test_draft_ab.ABTests.test_offturn_prefix_choices_remain_available_in_observed_state) ... ok
test_pair_uses_best_reply_after_each_response_then_worst_outcome (tests.test_draft_ab.ABTests.test_pair_uses_best_reply_after_each_response_then_worst_outcome) ... ok
test_policy_bounds_reject_unbounded_work (tests.test_draft_ab.ABTests.test_policy_bounds_reject_unbounded_work) ... ok
test_reproducibility_and_no_input_mutation (tests.test_draft_ab.ABTests.test_reproducibility_and_no_input_mutation) ... ok
test_response_paths_are_legal_bounded_and_owned_by_neighbor (tests.test_draft_ab.ABTests.test_response_paths_are_legal_bounded_and_owned_by_neighbor) ... ok
test_terminal_pair_never_simulates_past_draft_and_last_pick_truncates (tests.test_draft_ab.ABTests.test_terminal_pair_never_simulates_past_draft_and_last_pick_truncates) ... ok
test_complete_board_and_controller_removes_drafted_candidate (tests.test_draft_board.BoardTests.test_complete_board_and_controller_removes_drafted_candidate) ... ok
test_controller_rejects_previously_exported_expired_inputs (tests.test_draft_board.BoardTests.test_controller_rejects_previously_exported_expired_inputs) ... ok
test_count_mismatch_and_duplicate_projection_ids_rejected (tests.test_draft_board.BoardTests.test_count_mismatch_and_duplicate_projection_ids_rejected) ... ok
test_flex_allocation_changes_replacement_without_double_counting (tests.test_draft_board.BoardTests.test_flex_allocation_changes_replacement_without_double_counting) ... ok
test_incomplete_collection_and_tampering_fail (tests.test_draft_board.BoardTests.test_incomplete_collection_and_tampering_fail) ... ok
test_injury_probability_does_not_change_numeric_projection (tests.test_draft_board.BoardTests.test_injury_probability_does_not_change_numeric_projection) ... ok
test_mfl_conflict_excludes_projection_and_bad_probability_fails (tests.test_draft_board.BoardTests.test_mfl_conflict_excludes_projection_and_bad_probability_fails) ... ok
test_mixed_season_and_wrong_injury_week_rejected (tests.test_draft_board.BoardTests.test_mixed_season_and_wrong_injury_week_rejected) ... ok
test_ros_and_wrong_position_requests_rejected (tests.test_draft_board.BoardTests.test_ros_and_wrong_position_requests_rejected) ... ok
test_stale_export_does_not_retimestamp_sources (tests.test_draft_board.BoardTests.test_stale_export_does_not_retimestamp_sources) ... ok
test_unmatched_top_candidate_blocks_export (tests.test_draft_board.BoardTests.test_unmatched_top_candidate_blocks_export) ... ok
test_conflicting_ids_are_quarantined (tests.test_draft_board.IdentityTests.test_conflicting_ids_are_quarantined) ... ok
test_defenses_match_explicit_team_not_player_names (tests.test_draft_board.IdentityTests.test_defenses_match_explicit_team_not_player_names) ... ok
test_name_alone_never_matches (tests.test_draft_board.IdentityTests.test_name_alone_never_matches) ... ok
test_position_checks_and_numeric_id_normalization (tests.test_draft_board.IdentityTests.test_position_checks_and_numeric_id_normalization) ... ok
test_half_ppr_and_missing_receptions (tests.test_draft_board.ScoringTests.test_half_ppr_and_missing_receptions) ... ok
test_hand_calculated_ppr_and_custom_interception_penalty (tests.test_draft_board.ScoringTests.test_hand_calculated_ppr_and_custom_interception_penalty) ... ok
test_kicker_bands_and_zero_defense_buckets_are_not_fabricated (tests.test_draft_board.ScoringTests.test_kicker_bands_and_zero_defense_buckets_are_not_fabricated) ... ok
test_unknown_league_rules_and_nonfinite_stats_fail (tests.test_draft_board.ScoringTests.test_unknown_league_rules_and_nonfinite_stats_fail) ... ok
test_context_composes_shared_reads_and_preserves_snapshot_shape (tests.test_draft_data.DraftDataTests.test_context_composes_shared_reads_and_preserves_snapshot_shape) ... ok
test_failed_sync_preserves_existing_snapshot (tests.test_draft_data.DraftDataTests.test_failed_sync_preserves_existing_snapshot) ... ok
test_live_board_disables_retries_on_all_reads (tests.test_draft_data.DraftDataTests.test_live_board_disables_retries_on_all_reads) ... ok
test_live_board_requires_known_untraded_ownership (tests.test_draft_data.DraftDataTests.test_live_board_requires_known_untraded_ownership) ... ok
test_successful_sync_writes_collected_context (tests.test_draft_data.DraftDataTests.test_successful_sync_writes_collected_context) ... ok
test_wrong_draft_fails_before_downstream_reads (tests.test_draft_data.DraftDataTests.test_wrong_draft_fails_before_downstream_reads) ... ok
test_future_history_season_rejected_before_request (tests.test_draft_history.CollectionTests.test_future_history_season_rejected_before_request) ... ok
test_partial_collection_marks_failure_and_preserves_old_file (tests.test_draft_history.CollectionTests.test_partial_collection_marks_failure_and_preserves_old_file) ... ok
test_ambiguous_ids_not_silently_matched (tests.test_draft_history_analysis.HistoryTests.test_ambiguous_ids_not_silently_matched) ... ok
test_late_usage_is_league_weeks_not_last_appearances (tests.test_draft_history_analysis.HistoryTests.test_late_usage_is_league_weeks_not_last_appearances) ... ok
test_latest_team_snapshot_does_not_resurrect_removed_players (tests.test_draft_history_analysis.HistoryTests.test_latest_team_snapshot_does_not_resurrect_removed_players) ... ok
test_missing_ids_are_explicitly_quarantined (tests.test_draft_history_analysis.HistoryTests.test_missing_ids_are_explicitly_quarantined) ... ok
test_missing_values_not_zero (tests.test_draft_history_analysis.HistoryTests.test_missing_values_not_zero) ... ok
test_postseason_excluded_and_duplicates_rejected (tests.test_draft_history_analysis.HistoryTests.test_postseason_excluded_and_duplicates_rejected) ... ok
test_complete_collection_uses_six_positions_and_verified_ids (tests.test_draft_inputs.InputCollectionTests.test_complete_collection_uses_six_positions_and_verified_ids) ... ok
test_failed_collection_cannot_be_loaded_or_publish_context (tests.test_draft_inputs.InputCollectionTests.test_failed_collection_cannot_be_loaded_or_publish_context) ... ok
test_cli_failure_never_prints_old_name (tests.test_draft_now.DraftNowTests.test_cli_failure_never_prints_old_name) ... ok
test_cli_routes_mock_id_and_displays_target (tests.test_draft_now.DraftNowTests.test_cli_routes_mock_id_and_displays_target) ... ok
test_expired_inputs_and_wrong_identity_fail_closed (tests.test_draft_now.DraftNowTests.test_expired_inputs_and_wrong_identity_fail_closed) ... ok
test_explicit_mock_uses_actual_mock_state (tests.test_draft_now.DraftNowTests.test_explicit_mock_uses_actual_mock_state) ... ok
test_fresh_on_turn_advice_without_browser (tests.test_draft_now.DraftNowTests.test_fresh_on_turn_advice_without_browser) ... ok
test_mock_rejects_real_league_and_wrong_format (tests.test_draft_now.DraftNowTests.test_mock_rejects_real_league_and_wrong_format) ... ok
test_name_only_requires_our_turn (tests.test_draft_now.DraftNowTests.test_name_only_requires_our_turn) ... ok
test_new_pick_changes_turn_and_removes_selected_player (tests.test_draft_now.DraftNowTests.test_new_pick_changes_turn_and_removes_selected_player) ... ok
test_pre_draft_and_complete (tests.test_draft_now.DraftNowTests.test_pre_draft_and_complete) ... ok
test_slow_collection_refuses_recommendation (tests.test_draft_now.DraftNowTests.test_slow_collection_refuses_recommendation) ... ok
test_adopt_context_preserves_other_files_and_rejects_scope_changes (tests.test_draft_preplan.PreplanTests.test_adopt_context_preserves_other_files_and_rejects_scope_changes) ... ok
test_assigned_order_requires_complete_unique_slots (tests.test_draft_preplan.PreplanTests.test_assigned_order_requires_complete_unique_slots) ... ok
test_changed_scoring_fails_before_artifacts (tests.test_draft_preplan.PreplanTests.test_changed_scoring_fails_before_artifacts) ... ok
test_collector_routes_seven_reads_through_central_sleeper (tests.test_draft_preplan.PreplanTests.test_collector_routes_seven_reads_through_central_sleeper) ... ok
test_complete_slot_mapping_supports_unclaimed_team (tests.test_draft_preplan.PreplanTests.test_complete_slot_mapping_supports_unclaimed_team) ... ok
test_incomplete_slot_mapping_fails (tests.test_draft_preplan.PreplanTests.test_incomplete_slot_mapping_fails) ... ok
test_scenario_plan_uses_real_seat_and_preserves_stale_data (tests.test_draft_preplan.PreplanTests.test_scenario_plan_uses_real_seat_and_preserves_stale_data) ... ok
test_started_draft_or_unconfirmed_trades_fail (tests.test_draft_preplan.PreplanTests.test_started_draft_or_unconfirmed_trades_fail) ... ok
test_unknown_member_and_reversal_fail (tests.test_draft_preplan.PreplanTests.test_unknown_member_and_reversal_fail) ... ok
test_default_provider_directories_share_one_guard (tests.test_draft_session.SessionTests.test_default_provider_directories_share_one_guard) ... ok
test_export_uses_session_deadline_without_extending_live_state (tests.test_draft_session.SessionTests.test_export_uses_session_deadline_without_extending_live_state) ... ok
test_fp_cache_hits_work_but_miss_and_force_refresh_are_blocked (tests.test_draft_session.SessionTests.test_fp_cache_hits_work_but_miss_and_force_refresh_are_blocked) ... ok
test_nflverse_guard_blocks_before_attempt_reservation (tests.test_draft_session.SessionTests.test_nflverse_guard_blocks_before_attempt_reservation) ... ok
test_release_requires_real_draft_complete_and_makes_no_fp_call (tests.test_draft_session.SessionTests.test_release_requires_real_draft_complete_and_makes_no_fp_call) ... ok
test_session_preserves_times_accepts_age_and_rejects_tampering_expiry (tests.test_draft_session.SessionTests.test_session_preserves_times_accepts_age_and_rejects_tampering_expiry) ... ok
test_another_pick_invalidates_old_strategy (tests.test_draft_strategy.HandoffTests.test_another_pick_invalidates_old_strategy) ... ok
test_controller_keeps_every_teams_roster (tests.test_draft_strategy.HandoffTests.test_controller_keeps_every_teams_roster) ... ok
test_controller_recomputes_after_engine_version_change (tests.test_draft_strategy.HandoffTests.test_controller_recomputes_after_engine_version_change) ... ok
test_controller_reuses_result_but_revalidates_source_age (tests.test_draft_strategy.HandoffTests.test_controller_reuses_result_but_revalidates_source_age) ... ok
test_explicit_mock_binding_cannot_override_another_real_league (tests.test_draft_strategy.HandoffTests.test_explicit_mock_binding_cannot_override_another_real_league) ... ok
test_finished_controller_does_not_require_old_candidates (tests.test_draft_strategy.HandoffTests.test_finished_controller_does_not_require_old_candidates) ... ok
test_operational_export_preserves_source_deadline_and_order (tests.test_draft_strategy.HandoffTests.test_operational_export_preserves_source_deadline_and_order) ... ok
test_simulation_wrong_league_stale_state_and_stale_source_block_export (tests.test_draft_strategy.HandoffTests.test_simulation_wrong_league_stale_state_and_stale_source_block_export) ... ok
test_timestamp_refresh_does_not_change_fingerprint (tests.test_draft_strategy.HandoffTests.test_timestamp_refresh_does_not_change_fingerprint) ... ok
test_changed_ownership_unknown_ids_and_format_fail (tests.test_draft_strategy.StrategyTests.test_changed_ownership_unknown_ids_and_format_fail) ... ok
test_complete_paired_synthetic_drafts_have_legal_unique_rosters (tests.test_draft_strategy.StrategyTests.test_complete_paired_synthetic_drafts_have_legal_unique_rosters) ... ok
test_explicit_exclusion_and_reasoned_multiplier (tests.test_draft_strategy.StrategyTests.test_explicit_exclusion_and_reasoned_multiplier) ... ok
test_flex_and_bench_do_not_double_count_starters (tests.test_draft_strategy.StrategyTests.test_flex_and_bench_do_not_double_count_starters) ... ok
test_impossible_roster_is_rejected (tests.test_draft_strategy.StrategyTests.test_impossible_roster_is_rejected) ... ok
test_last_pick_must_fill_defense (tests.test_draft_strategy.StrategyTests.test_last_pick_must_fill_defense) ... ok
test_marginal_value_depends_on_owned_starters (tests.test_draft_strategy.StrategyTests.test_marginal_value_depends_on_owned_starters) ... ok
test_missing_opponent_rosters_and_wrong_slots_fail (tests.test_draft_strategy.StrategyTests.test_missing_opponent_rosters_and_wrong_slots_fail) ... ok
test_opponents_respond_to_roster_needs (tests.test_draft_strategy.StrategyTests.test_opponents_respond_to_roster_needs) ... ok
test_policy_rejects_nonfinite_coefficients (tests.test_draft_strategy.StrategyTests.test_policy_rejects_nonfinite_coefficients) ... ok
test_recommendations_repeat_for_same_seed_and_state (tests.test_draft_strategy.StrategyTests.test_recommendations_repeat_for_same_seed_and_state) ... ok
test_specialists_late_and_no_excess_backups_early (tests.test_draft_strategy.StrategyTests.test_specialists_late_and_no_excess_backups_early) ... ok
test_turn_seat_has_certain_immediate_return_availability (tests.test_draft_strategy.StrategyTests.test_turn_seat_has_certain_immediate_return_availability) ... ok
test_unknown_opponent_identity_counts_without_valuation (tests.test_draft_strategy.StrategyTests.test_unknown_opponent_identity_counts_without_valuation) ... ok
test_unknown_override_and_insufficient_caps_fail (tests.test_draft_strategy.StrategyTests.test_unknown_override_and_insufficient_caps_fail) ... ok
test_unknown_own_player_and_invalid_identity_still_fail (tests.test_draft_strategy.StrategyTests.test_unknown_own_player_and_invalid_identity_still_fail) ... ok
test_unsupported_extra_slots_and_bad_seat_fail (tests.test_draft_strategy.StrategyTests.test_unsupported_extra_slots_and_bad_seat_fail) ... ok
test_weekly_injury_flags_are_not_season_probability (tests.test_draft_strategy.StrategyTests.test_weekly_injury_flags_are_not_season_probability) ... ok
test_approved_budget_preserves_ledger_and_allows_retry_reserve (tests.test_fantasypros.FantasyProsTests.test_approved_budget_preserves_ledger_and_allows_retry_reserve) ... ok
test_concurrent_requests_share_single_fetch (tests.test_fantasypros.FantasyProsTests.test_concurrent_requests_share_single_fetch) ... ok
test_expiry_and_request_spacing (tests.test_fantasypros.FantasyProsTests.test_expiry_and_request_spacing) ... ok
test_hard_retry_budget (tests.test_fantasypros.FantasyProsTests.test_hard_retry_budget) ... ok
test_images_removed_and_wrong_season_rejected (tests.test_fantasypros.FantasyProsTests.test_images_removed_and_wrong_season_rejected) ... ok
test_invalid_data_preserves_cache (tests.test_fantasypros.FantasyProsTests.test_invalid_data_preserves_cache) ... ok
test_normalized_cache_survives_restart (tests.test_fantasypros.FantasyProsTests.test_normalized_cache_survives_restart) ... ok
test_only_numeric_quota_headers_persist_with_cache (tests.test_fantasypros.FantasyProsTests.test_only_numeric_quota_headers_persist_with_cache) ... ok
test_quota_blocks_but_cache_still_works (tests.test_fantasypros.FantasyProsTests.test_quota_blocks_but_cache_still_works) ... ok
test_rate_limit_cooldown_persists (tests.test_fantasypros.FantasyProsTests.test_rate_limit_cooldown_persists) ... ok
test_retries_count_and_auth_errors_do_not_retry (tests.test_fantasypros.FantasyProsTests.test_retries_count_and_auth_errors_do_not_retry) ... ok
test_untrusted_paths_and_secret_query_rejected_before_call (tests.test_fantasypros.FantasyProsTests.test_untrusted_paths_and_secret_query_rejected_before_call) ... ok
test_validators_run_on_cache_hits (tests.test_fantasypros.FantasyProsTests.test_validators_run_on_cache_hits) ... ok
test_access_failure_stops_remaining_calls (tests.test_fantasypros_diagnostic.DiagnosticTests.test_access_failure_stops_remaining_calls) ... ok
test_invalid_payload_not_hidden_and_other_scopes_still_probed (tests.test_fantasypros_diagnostic.DiagnosticTests.test_invalid_payload_not_hidden_and_other_scopes_still_probed) ... ok
test_success_does_not_assert_entitlement_or_draft_readiness (tests.test_fantasypros_diagnostic.DiagnosticTests.test_success_does_not_assert_entitlement_or_draft_readiness) ... ok
test_wrong_season_state_does_not_query_injuries (tests.test_fantasypros_diagnostic.DiagnosticTests.test_wrong_season_state_does_not_query_injuries) ... ok
test_phase_detection_and_request_evidence (tests.test_league_manager.DiscoveryTests.test_phase_detection_and_request_evidence) ... ok
test_wrong_user_stops_before_roster_and_other_reads (tests.test_league_manager.DiscoveryTests.test_wrong_user_stops_before_roster_and_other_reads) ... ok
test_failed_provider_preserves_future_and_retry (tests.test_league_manager.ManagerTests.test_failed_provider_preserves_future_and_retry) ... ok
test_finish_keeps_schedule_and_future_review (tests.test_league_manager.ManagerTests.test_finish_keeps_schedule_and_future_review) ... ok
test_finish_refuses_missing_followup (tests.test_league_manager.ManagerTests.test_finish_refuses_missing_followup) ... ok
test_idempotent_start_preserves_one_installation (tests.test_league_manager.ManagerTests.test_idempotent_start_preserves_one_installation) ... ok
test_interrupted_collection_never_becomes_success (tests.test_league_manager.ManagerTests.test_interrupted_collection_never_becomes_success) ... ok
test_long_or_missing_next_review_is_rejected (tests.test_league_manager.ManagerTests.test_long_or_missing_next_review_is_rejected) ... ok
test_no_weekly_projection_in_draft_or_offseason (tests.test_league_manager.ManagerTests.test_no_weekly_projection_in_draft_or_offseason) ... ok
test_obligations_survive_unrelated_reviews_and_trigger_when_due (tests.test_league_manager.ManagerTests.test_obligations_survive_unrelated_reviews_and_trigger_when_due) ... ok
test_pending_inference_survives_restart_without_recollecting (tests.test_league_manager.ManagerTests.test_pending_inference_survives_restart_without_recollecting) ... ok
test_schedule_first_before_network (tests.test_league_manager.ManagerTests.test_schedule_first_before_network) ... ok
test_silent_gap_reported_on_return (tests.test_league_manager.ManagerTests.test_silent_gap_reported_on_return) ... ok
test_stop_is_only_normal_retirement (tests.test_league_manager.ManagerTests.test_stop_is_only_normal_retirement) ... ok
test_transfer_preserves_work_and_requires_schedule_update (tests.test_league_manager.ManagerTests.test_transfer_preserves_work_and_requires_schedule_update) ... ok
test_transfer_rejects_empty_target_and_stopped_manager (tests.test_league_manager.ManagerTests.test_transfer_rejects_empty_target_and_stopped_manager) ... ok
test_wrong_target_not_coverage (tests.test_league_manager.ManagerTests.test_wrong_target_not_coverage) ... ok
test_raw_codes_and_metadata_preserved (tests.test_league_rules.LeagueRulesTests.test_raw_codes_and_metadata_preserved) ... ok
test_wrong_league_stops_collection (tests.test_league_rules.LeagueRulesTests.test_wrong_league_stops_collection) ... ok
test_daily_limit_and_code_change_block_future_dispatch (tests.test_lineup_authority.AuthorityTests.test_daily_limit_and_code_change_block_future_dispatch) ... ok
test_default_disabled_and_two_distinct_windows_required (tests.test_lineup_authority.AuthorityTests.test_default_disabled_and_two_distinct_windows_required) ... ok
test_expiry_scope_and_broader_permissions_refused (tests.test_lineup_authority.AuthorityTests.test_expiry_scope_and_broader_permissions_refused) ... ok
test_promoted_delegation_executes_once_and_revocation_blocks_dispatch (tests.test_lineup_authority.AuthorityTests.test_promoted_delegation_executes_once_and_revocation_blocks_dispatch) ... ok
test_review_and_changed_evidence_block_delegated_work (tests.test_lineup_authority.AuthorityTests.test_review_and_changed_evidence_block_delegated_work) ... ok
test_blanket_or_delegated_authority_is_not_supervised_approval (tests.test_lineup_execution.ExecutionTests.test_blanket_or_delegated_authority_is_not_supervised_approval) ... ok
test_browser_account_requires_menu_profile_and_owner_agreement (tests.test_lineup_execution.ExecutionTests.test_browser_account_requires_menu_profile_and_owner_agreement) ... ok
test_cached_profile_does_not_replace_live_lineup_evidence (tests.test_lineup_execution.ExecutionTests.test_cached_profile_does_not_replace_live_lineup_evidence) ... ok
test_changed_ownership_after_click_preserves_unknown (tests.test_lineup_execution.ExecutionTests.test_changed_ownership_after_click_preserves_unknown) ... ok
test_changed_proposal_authority_and_stale_native_block (tests.test_lineup_execution.ExecutionTests.test_changed_proposal_authority_and_stale_native_block) ... ok
test_concurrent_preparation_can_arm_only_one_action (tests.test_lineup_execution.ExecutionTests.test_concurrent_preparation_can_arm_only_one_action) ... ok
test_consumed_action_cannot_replay_and_requires_native_api_confirmation (tests.test_lineup_execution.ExecutionTests.test_consumed_action_cannot_replay_and_requires_native_api_confirmation) ... ok
test_disconnect_after_click_does_not_allow_retry_when_before_state_returns (tests.test_lineup_execution.ExecutionTests.test_disconnect_after_click_does_not_allow_retry_when_before_state_returns) ... ok
test_expired_token_and_changed_snapshot_cannot_dispatch (tests.test_lineup_execution.ExecutionTests.test_expired_token_and_changed_snapshot_cannot_dispatch) ... ok
test_future_game_cannot_be_counted_as_a_supervised_window_today (tests.test_lineup_execution.ExecutionTests.test_future_game_cannot_be_counted_as_a_supervised_window_today) ... ok
test_league_change_blocks_prepared_action (tests.test_lineup_execution.ExecutionTests.test_league_change_blocks_prepared_action) ... ok
test_native_lock_and_disagreement_block_even_if_optimizer_wanted_change (tests.test_lineup_execution.ExecutionTests.test_native_lock_and_disagreement_block_even_if_optimizer_wanted_change) ... ok
test_observation_retains_disagreement_without_relaxing_production_collection (tests.test_lineup_execution.ExecutionTests.test_observation_retains_disagreement_without_relaxing_production_collection) ... ok
test_official_review_requires_exact_observed_primary_evidence (tests.test_lineup_execution.ExecutionTests.test_official_review_requires_exact_observed_primary_evidence) ... ok
test_review_cannot_turn_definite_failure_into_permission (tests.test_lineup_execution.ExecutionTests.test_review_cannot_turn_definite_failure_into_permission) ... ok
test_unknown_action_cannot_be_retired_or_reauthorized (tests.test_lineup_execution.ExecutionTests.test_unknown_action_cannot_be_retired_or_reauthorized) ... ok
test_unknown_schema_stops (tests.test_lineup_execution.ExecutionTests.test_unknown_schema_stops) ... ok
test_user_change_blocks_prepared_action (tests.test_lineup_execution.ExecutionTests.test_user_change_blocks_prepared_action) ... ok
test_version_one_upgrade_preserves_execution (tests.test_lineup_execution.ExecutionTests.test_version_one_upgrade_preserves_execution) ... ok
test_generated_rationale_and_custom_text (tests.test_lineup_history.LineupHistoryTests.test_generated_rationale_and_custom_text) ... ok
test_legacy_and_manual_edits_preserved (tests.test_lineup_history.LineupHistoryTests.test_legacy_and_manual_edits_preserved) ... ok
test_new_records_require_rationale_and_refuse_overwrites (tests.test_lineup_history.LineupHistoryTests.test_new_records_require_rationale_and_refuse_overwrites) ... ok
test_versions_preserved_and_linked (tests.test_lineup_history.LineupHistoryTests.test_versions_preserved_and_linked) ... ok
test_bye_stale_and_unrecognized_status (tests.test_lineup_validation.LineupValidationTests.test_bye_stale_and_unrecognized_status) ... ok
test_doubtful_and_low_probability_require_review (tests.test_lineup_validation.LineupValidationTests.test_doubtful_and_low_probability_require_review) ... ok
test_duplicate_slot_empty_and_wrong_scope (tests.test_lineup_validation.LineupValidationTests.test_duplicate_slot_empty_and_wrong_scope) ... ok
test_ignores_inferred_health_flags (tests.test_lineup_validation.LineupValidationTests.test_ignores_inferred_health_flags) ... ok
test_locked_starter_and_started_bench_moves_fail (tests.test_lineup_validation.LineupValidationTests.test_locked_starter_and_started_bench_moves_fail) ... ok
test_malformed_schema (tests.test_lineup_validation.LineupValidationTests.test_malformed_schema) ... ok
test_news_and_missing_crosswalk_do_not_pass (tests.test_lineup_validation.LineupValidationTests.test_news_and_missing_crosswalk_do_not_pass) ... ok
test_pregame_requires_official_confirmation (tests.test_lineup_validation.LineupValidationTests.test_pregame_requires_official_confirmation) ... ok
test_provider_failure_replaces_previous_pass (tests.test_lineup_validation.LineupValidationTests.test_provider_failure_replaces_previous_pass) ... ok
test_valid_proposal_and_hash (tests.test_lineup_validation.LineupValidationTests.test_valid_proposal_and_hash) ... ok
test_wrong_position_and_unowned (tests.test_lineup_validation.LineupValidationTests.test_wrong_position_and_unowned) ... ok
test_acceptance_gate_is_not_bypassed_by_start_request (tests.test_manager_authority.ManagerAuthorityTests.test_acceptance_gate_is_not_bypassed_by_start_request) ... ok
test_daily_limit_applies_inside_execution_transaction (tests.test_manager_authority.ManagerAuthorityTests.test_daily_limit_applies_inside_execution_transaction) ... ok
test_full_lineup_path_and_single_use_dispatch (tests.test_manager_authority.ManagerAuthorityTests.test_full_lineup_path_and_single_use_dispatch) ... ok
test_lost_schedule_or_revocation_blocks_prepared_action (tests.test_manager_authority.ManagerAuthorityTests.test_lost_schedule_or_revocation_blocks_prepared_action) ... ok
test_model_uncertainty_and_changed_source_block_authority (tests.test_manager_authority.ManagerAuthorityTests.test_model_uncertainty_and_changed_source_block_authority) ... ok
test_trades_and_other_accounts_cannot_be_enabled (tests.test_manager_authority.ManagerAuthorityTests.test_trades_and_other_accounts_cannot_be_enabled) ... ok
test_live_roster_acceptance_cannot_be_inferred_from_windows (tests.test_manager_roster.ManagedRosterTests.test_live_roster_acceptance_cannot_be_inferred_from_windows) ... ok
test_managed_plan_dispatches_and_lost_schedule_blocks (tests.test_manager_roster.ManagedRosterTests.test_managed_plan_dispatches_and_lost_schedule_blocks) ... ok
test_priority_cost_can_block_automatic_acquisition (tests.test_manager_roster.ManagedRosterTests.test_priority_cost_can_block_automatic_acquisition) ... ok
test_bad_dataset_rejected_before_request (tests.test_nflverse.NFLVerseTests.test_bad_dataset_rejected_before_request) ... ok
test_bounded_transient_retries (tests.test_nflverse.NFLVerseTests.test_bounded_transient_retries) ... ok
test_cache_revalidates_and_revision_change_downloads (tests.test_nflverse.NFLVerseTests.test_cache_revalidates_and_revision_change_downloads) ... ok
test_conditional_metadata_304_reuses_verified_asset (tests.test_nflverse.NFLVerseTests.test_conditional_metadata_304_reuses_verified_asset) ... ok
test_explicit_revalidation_reuses_historical_asset (tests.test_nflverse.NFLVerseTests.test_explicit_revalidation_reuses_historical_asset) ... ok
test_invalid_replacement_preserves_old_asset (tests.test_nflverse.NFLVerseTests.test_invalid_replacement_preserves_old_asset) ... ok
test_last_rest_quota_allows_asset_then_blocks_next_metadata (tests.test_nflverse.NFLVerseTests.test_last_rest_quota_allows_asset_then_blocks_next_metadata) ... ok
test_legacy_database_migration_preserves_attempts_without_network (tests.test_nflverse.NFLVerseTests.test_legacy_database_migration_preserves_attempts_without_network) ... ok
test_metadata_cache_controls_and_catalog_expiry (tests.test_nflverse.NFLVerseTests.test_metadata_cache_controls_and_catalog_expiry) ... ok
test_missing_asset_never_substitutes_season (tests.test_nflverse.NFLVerseTests.test_missing_asset_never_substitutes_season) ... ok
test_no_store_removes_old_cache_and_preserves_check_time (tests.test_nflverse.NFLVerseTests.test_no_store_removes_old_cache_and_preserves_check_time) ... ok
test_poll_interval_blocks_repeated_metadata (tests.test_nflverse.NFLVerseTests.test_poll_interval_blocks_repeated_metadata) ... ok
test_quota_cooldown_survives_restart (tests.test_nflverse.NFLVerseTests.test_quota_cooldown_survives_restart) ... ok
test_rest_budget_preserved_on_restart_and_expires (tests.test_nflverse.NFLVerseTests.test_rest_budget_preserved_on_restart_and_expires) ... ok
test_retry_after_and_reset_use_later_deadline (tests.test_nflverse.NFLVerseTests.test_retry_after_and_reset_use_later_deadline) ... ok
test_retry_reserve_and_hard_budget (tests.test_nflverse.NFLVerseTests.test_retry_reserve_and_hard_budget) ... ok
test_schema_season_and_truncated_rows (tests.test_nflverse.NFLVerseTests.test_schema_season_and_truncated_rows) ... ok
test_secondary_limit_without_headers_backs_off_across_restarts (tests.test_nflverse.NFLVerseTests.test_secondary_limit_without_headers_backs_off_across_restarts) ... ok
test_total_budget_blocks_asset_requests (tests.test_nflverse.NFLVerseTests.test_total_budget_blocks_asset_requests) ... ok
test_transport_retains_bounded_error_for_classification (tests.test_nflverse.NFLVerseTests.test_transport_retains_bounded_error_for_classification) ... ok
test_acceptance_covers_nested_implementation (tests.test_package_layout.PackageTests.test_acceptance_covers_nested_implementation) ... ok
test_commands_resolve_inside_package (tests.test_package_layout.PackageTests.test_commands_resolve_inside_package) ... ok
test_package_commands_have_working_cli (tests.test_package_layout.PackageTests.test_package_commands_have_working_cli) ... ok
test_roots_still_refer_to_repository (tests.test_package_layout.PackageTests.test_roots_still_refer_to_repository) ... ok
test_custom_config_reads_adjacent_env_without_parent_fallback (tests.test_project_config.ConfigTests.test_custom_config_reads_adjacent_env_without_parent_fallback) ... ok
test_env_file_ignores_credentials_and_preserves_other_settings (tests.test_project_config.ConfigTests.test_env_file_ignores_credentials_and_preserves_other_settings) ... ok
test_missing_or_blank_never_uses_json_default (tests.test_project_config.ConfigTests.test_missing_or_blank_never_uses_json_default) ... ok
test_process_environment_takes_precedence_including_invalid_empty (tests.test_project_config.ConfigTests.test_process_environment_takes_precedence_including_invalid_empty) ... ok
test_profile_id_must_match_even_when_username_matches (tests.test_project_config.ConfigTests.test_profile_id_must_match_even_when_username_matches) ... ok
test_url_is_not_a_league_id_and_error_does_not_echo_input (tests.test_project_config.ConfigTests.test_url_is_not_a_league_id_and_error_does_not_echo_input) ... ok
test_user_id_required_even_if_legacy_json_contains_one (tests.test_project_config.ConfigTests.test_user_id_required_even_if_legacy_json_contains_one) ... ok
test_client_rejection_and_cooldown (tests.test_pushover.PushoverTests.test_client_rejection_and_cooldown) ... ok
test_explicit_server_rejection_has_one_bounded_retry (tests.test_pushover.PushoverTests.test_explicit_server_rejection_has_one_bounded_retry) ... ok
test_interrupted_send_remains_sending_and_never_replays (tests.test_pushover.PushoverTests.test_interrupted_send_remains_sending_and_never_replays) ... ok
test_no_credentials_or_tokens_in_status_and_history (tests.test_pushover.PushoverTests.test_no_credentials_or_tokens_in_status_and_history) ... ok
test_queued_is_not_phone_delivery_and_duplicate_is_suppressed (tests.test_pushover.PushoverTests.test_queued_is_not_phone_delivery_and_duplicate_is_suppressed) ... ok
test_retry_cannot_exceed_daily_attempt_budget (tests.test_pushover.PushoverTests.test_retry_cannot_exceed_daily_attempt_budget) ... ok
test_transport_unknown_is_not_retried_after_restart (tests.test_pushover.PushoverTests.test_transport_unknown_is_not_retried_after_restart) ... ok
test_claim_pending_then_won_and_restart_cannot_replay (tests.test_roster_operations.RosterTests.test_claim_pending_then_won_and_restart_cannot_replay) ... ok
test_disconnect_retains_unknown_without_native_claim (tests.test_roster_operations.RosterTests.test_disconnect_retains_unknown_without_native_claim) ... ok
test_exact_cancellation_and_unmanaged_claims (tests.test_roster_operations.RosterTests.test_exact_cancellation_and_unmanaged_claims) ... ok
test_full_ir_activation_requires_separate_space_creation (tests.test_roster_operations.RosterTests.test_full_ir_activation_requires_separate_space_creation) ... /opt/homebrew/Cellar/python@3.13/3.13.6/Frameworks/Python.framework/Versions/3.13/lib/python3.13/functools.py:59: ResourceWarning: unclosed database in <sqlite3.Connection object at 0x10aa14130>
  getattr(wrapper, attr).update(getattr(wrapped, attr, {}))
ResourceWarning: Enable tracemalloc to get the object allocation traceback
/opt/homebrew/Cellar/python@3.13/3.13.6/Frameworks/Python.framework/Versions/3.13/lib/python3.13/functools.py:59: ResourceWarning: unclosed database in <sqlite3.Connection object at 0x10aa15a80>
  getattr(wrapper, attr).update(getattr(wrapped, attr, {}))
ResourceWarning: Enable tracemalloc to get the object allocation traceback
/opt/homebrew/Cellar/python@3.13/3.13.6/Frameworks/Python.framework/Versions/3.13/lib/python3.13/functools.py:59: ResourceWarning: unclosed database in <sqlite3.Connection object at 0x10aa15990>
  getattr(wrapper, attr).update(getattr(wrapped, attr, {}))
ResourceWarning: Enable tracemalloc to get the object allocation traceback
/opt/homebrew/Cellar/python@3.13/3.13.6/Frameworks/Python.framework/Versions/3.13/lib/python3.13/functools.py:59: ResourceWarning: unclosed database in <sqlite3.Connection object at 0x10aa15030>
  getattr(wrapper, attr).update(getattr(wrapped, attr, {}))
ResourceWarning: Enable tracemalloc to get the object allocation traceback
/opt/homebrew/Cellar/python@3.13/3.13.6/Frameworks/Python.framework/Versions/3.13/lib/python3.13/functools.py:59: ResourceWarning: unclosed database in <sqlite3.Connection object at 0x10aa14f40>
  getattr(wrapper, attr).update(getattr(wrapped, attr, {}))
ResourceWarning: Enable tracemalloc to get the object allocation traceback
/opt/homebrew/Cellar/python@3.13/3.13.6/Frameworks/Python.framework/Versions/3.13/lib/python3.13/functools.py:59: ResourceWarning: unclosed database in <sqlite3.Connection object at 0x10aa15e40>
  getattr(wrapper, attr).update(getattr(wrapped, attr, {}))
ResourceWarning: Enable tracemalloc to get the object allocation traceback
ok
test_ir_place_and_activate_with_capacity (tests.test_roster_operations.RosterTests.test_ir_place_and_activate_with_capacity) ... ok
test_league_change_blocks_registered_plan (tests.test_roster_operations.RosterTests.test_league_change_blocks_registered_plan) ... ok
test_lock_priority_deadline_and_incomplete_valuation_block (tests.test_roster_operations.RosterTests.test_lock_priority_deadline_and_incomplete_valuation_block) ... ok
test_lost_and_cancelled_claims_require_explicit_native_result (tests.test_roster_operations.RosterTests.test_lost_and_cancelled_claims_require_explicit_native_result) ... ok
test_native_disagreement_and_new_owner_block (tests.test_roster_operations.RosterTests.test_native_disagreement_and_new_owner_block) ... ok
test_protected_drop_and_tampered_comparison_block (tests.test_roster_operations.RosterTests.test_protected_drop_and_tampered_comparison_block) ... ok
test_shared_drop_consumed_by_earlier_win_requires_new_plan (tests.test_roster_operations.RosterTests.test_shared_drop_consumed_by_earlier_win_requires_new_plan) ... ok
test_transaction_and_lineup_share_conflict_gate (tests.test_roster_operations.RosterTests.test_transaction_and_lineup_share_conflict_gate) ... ok
test_unused_expired_token_retires_but_unknown_token_does_not (tests.test_roster_operations.RosterTests.test_unused_expired_token_retires_but_unknown_token_does_not) ... ok
test_wrong_pending_order_and_false_win_do_not_pass (tests.test_roster_operations.RosterTests.test_wrong_pending_order_and_false_win_do_not_pass) ... ok
test_zero_ir_slots_and_full_activation_block (tests.test_roster_operations.RosterTests.test_zero_ir_slots_and_full_activation_block) ... ok
test_bye_coverage_and_specialist_missing_categories (tests.test_season_strategy.SeasonTests.test_bye_coverage_and_specialist_missing_categories) ... ok
test_chronological_evaluation_rejects_hindsight (tests.test_season_strategy.SeasonTests.test_chronological_evaluation_rejects_hindsight) ... ok
test_current_week_locked_starter_cannot_create_fictional_upgrade (tests.test_season_strategy.SeasonTests.test_current_week_locked_starter_cannot_create_fictional_upgrade) ... ok
test_full_roster_value_counts_bench_and_priority_cost (tests.test_season_strategy.SeasonTests.test_full_roster_value_counts_bench_and_priority_cost) ... ok
test_missing_future_data_never_becomes_zero (tests.test_season_strategy.SeasonTests.test_missing_future_data_never_becomes_zero) ... ok
test_explicit_season_and_normal_cache_policy (tests.test_setup_repo.SetupRepoTests.test_explicit_season_and_normal_cache_policy) ... ok
test_incomplete_collection_is_failure (tests.test_setup_repo.SetupRepoTests.test_incomplete_collection_is_failure) ... ok
test_concurrent_profile_reads_coalesce (tests.test_sleeper.SleeperTests.test_concurrent_profile_reads_coalesce) ... ok
test_diagnostics_distinguish_connection_http_and_cooldown (tests.test_sleeper.SleeperTests.test_diagnostics_distinguish_connection_http_and_cooldown) ... ok
test_failed_refresh_never_returns_expired_cache (tests.test_sleeper.SleeperTests.test_failed_refresh_never_returns_expired_cache) ... ok
test_general_resource_transport_uses_fixed_host_and_timeout (tests.test_sleeper.SleeperTests.test_general_resource_transport_uses_fixed_host_and_timeout) ... ok
test_invalid_paths_and_cache_policy_overrides_rejected (tests.test_sleeper.SleeperTests.test_invalid_paths_and_cache_policy_overrides_rejected) ... ok
test_invalid_response_and_validator_preserve_good_cache (tests.test_sleeper.SleeperTests.test_invalid_response_and_validator_preserve_good_cache) ... ok
test_malformed_json_not_retried_or_cached (tests.test_sleeper.SleeperTests.test_malformed_json_not_retried_or_cached) ... ok
test_mutable_and_unknown_resources_always_live (tests.test_sleeper.SleeperTests.test_mutable_and_unknown_resources_always_live) ... ok
test_no_negative_caching (tests.test_sleeper.SleeperTests.test_no_negative_caching) ... ok
test_nontransient_failures_not_retried (tests.test_sleeper.SleeperTests.test_nontransient_failures_not_retried) ... ok
test_profile_cache_survives_restart_and_expires_at_boundary (tests.test_sleeper.SleeperTests.test_profile_cache_survives_restart_and_expires_at_boundary) ... ok
test_rate_limit_persists_and_invalidation_cannot_bypass (tests.test_sleeper.SleeperTests.test_rate_limit_persists_and_invalidation_cannot_bypass) ... ok
test_retry_after_http_date_on_503 (tests.test_sleeper.SleeperTests.test_retry_after_http_date_on_503) ... ok
test_retry_success_and_limits_and_usage (tests.test_sleeper.SleeperTests.test_retry_success_and_limits_and_usage) ... ok
test_server_cache_directives_only_shorten_policy (tests.test_sleeper.SleeperTests.test_server_cache_directives_only_shorten_policy) ... ok
test_shortened_age_refresh_and_invalidation (tests.test_sleeper.SleeperTests.test_shortened_age_refresh_and_invalidation) ... ok
test_transport_errors_safe (tests.test_sleeper.SleeperTests.test_transport_errors_safe) ... ok
test_confirmed_change_survives_restart_and_is_deduplicated (tests.test_team_notifications.NotificationTests.test_confirmed_change_survives_restart_and_is_deduplicated) ... ok
test_cooldown_keeps_pending_for_next_wake (tests.test_team_notifications.NotificationTests.test_cooldown_keeps_pending_for_next_wake) ... ok
test_elapsed_time_only_requests_final_check (tests.test_team_notifications.NotificationTests.test_elapsed_time_only_requests_final_check) ... ok
test_final_requires_fresh_explicit_evidence_and_counts_only_starters (tests.test_team_notifications.NotificationTests.test_final_requires_fresh_explicit_evidence_and_counts_only_starters) ... ok
test_pregame_uses_current_roster_and_restart_does_not_duplicate (tests.test_team_notifications.NotificationTests.test_pregame_uses_current_roster_and_restart_does_not_duplicate) ... ok
test_unknown_delivery_is_not_blindly_replayed (tests.test_team_notifications.NotificationTests.test_unknown_delivery_is_not_blindly_replayed) ... ok
test_wrong_account_is_blocked (tests.test_team_notifications.NotificationTests.test_wrong_account_is_blocked) ... ok
test_mutable_download_mismatch_uses_verified_blob_once (tests.test_weekly.ScheduleProviderTests.test_mutable_download_mismatch_uses_verified_blob_once) ... ok
test_revision_reuse_and_integrity (tests.test_weekly.ScheduleProviderTests.test_revision_reuse_and_integrity) ... ok
test_all_locked_no_changes (tests.test_weekly.WeeklyOptimizerTests.test_all_locked_no_changes) ... ok
test_exact_assignment_and_late_flex (tests.test_weekly.WeeklyOptimizerTests.test_exact_assignment_and_late_flex) ... ok
test_freshness_and_timezone (tests.test_weekly.WeeklyOptimizerTests.test_freshness_and_timezone) ... ok
test_multi_eligibility_matches_bruteforce (tests.test_weekly.WeeklyOptimizerTests.test_multi_eligibility_matches_bruteforce) ... ok
test_off_roster_locked_starter_preserved (tests.test_weekly.WeeklyOptimizerTests.test_off_roster_locked_starter_preserved) ... ok
test_snapshot_tampering_rejected (tests.test_weekly.WeeklyOptimizerTests.test_snapshot_tampering_rejected) ... ok
test_started_starter_fixed_and_started_bench_excluded (tests.test_weekly.WeeklyOptimizerTests.test_started_starter_fixed_and_started_bench_excluded) ... ok
test_unavailable_and_contingency (tests.test_weekly.WeeklyOptimizerTests.test_unavailable_and_contingency) ... ok
test_analysis_pool_scores_verified_projection_position_for_two_way_player (tests.test_weekly.WeeklyPipelineTests.test_analysis_pool_scores_verified_projection_position_for_two_way_player) ... ok
test_bye_excludes_players_and_reports_empty (tests.test_weekly.WeeklyPipelineTests.test_bye_excludes_players_and_reports_empty) ... ok
test_injury_exclusion_and_no_double_discount (tests.test_weekly.WeeklyPipelineTests.test_injury_exclusion_and_no_double_discount) ... ok
test_prior_kickoff_and_score_cannot_unlock (tests.test_weekly.WeeklyPipelineTests.test_prior_kickoff_and_score_cannot_unlock) ... ok
test_schedule_full_coverage_timezone_and_invalid_times (tests.test_weekly.WeeklyPipelineTests.test_schedule_full_coverage_timezone_and_invalid_times) ... ok
test_weekly_stat_scoring_and_reproducibility (tests.test_weekly.WeeklyPipelineTests.test_weekly_stat_scoring_and_reproducibility) ... ok
test_wrong_scope_stale_feed_and_unknown_identity (tests.test_weekly.WeeklyPipelineTests.test_wrong_scope_stale_feed_and_unknown_identity) ... ok

----------------------------------------------------------------------
Ran 394 tests in 3.350s

OK
